// Jest Snapshot v1, https://goo.gl/fbAQLP

exports[`z-canvas.vue Has the expected html structure 1`] = `
<div
  class="z-canvas is-full-mode theme-black mode-dark"
  id="z-container"
>
  <div
    id="z-zoomable-layer"
    style="transform: scale(1) translate3d(0px, 0px, 0px); transition: transform 1000ms ease-in-out;"
  >
    <z-view-manager-stub />
  </div>
</div>
`;
