// Jest Snapshot v1, https://goo.gl/fbAQLP

exports[`z-view.vue Has the expected html structure (slots, z-scroll, z-slider) 1`] = `
<div
  class="z-shape primary z-view"
  style="overflow: visible; width: 200px; height: 200px; margin: -100px 0px 0px -100px; transform: translate3d(0px, 0px, 0px) scale(1);"
>
  <div
    class="z-content"
    id="search--0"
  >
    <img
      height="100%"
      src="./images/test.png"
      width="100%"
    />
     
    <!---->
  </div>
   
  <section
    style="opacity: 1; transition: opacity 1000ms linear;"
  >
    <div
      class="z-outer-circle"
      style="width: 275px; height: 275px; margin: -137.5px 0px 0px -137.5px;"
    />
     
    <section
      style="border-radius: 50%; overflow: visible;"
    >
      <svg
        class="z-scroll"
        viewBox="0 0 100 100"
        xmlns="http://www.w3.org/2000/svg"
      >
        <circle
          cx="50"
          cy="50"
          r="51"
          style="transform-origin: 50% 50%; transform: rotate(-45deg); stroke-dasharray: 312.1592653589793; stroke-dashoffset: 235.61944901923448; stroke-width: 3px; fill: none;"
        />
      </svg>
       
      <svg
        class="z-scroll-bar"
        style="transform-origin: 50% 50%; transform: translate3d(70.71067811865476px, -70.71067811865474px, 0px);"
        xmlns="http://www.w3.org/2000/svg"
      >
        <circle
          class="z-scroll-handlebar"
          cx="20"
          cy="20"
          r="10"
        />
      </svg>
    </section>
     
    <svg
      class="z-slider"
      viewBox="0 0 100 100"
      xmlns="http://www.w3.org/2000/svg"
    >
      <circle
        cx="50"
        cy="50"
        r="51"
        style="transform-origin: 50% 50%; transform: rotate(-90deg); stroke-dasharray: 320.4424506661589; stroke-dashoffset: 64.08849013323174; stroke-width: 3;"
      />
    </svg>
     
    <div
      class="z-label bottom"
    >
      <div
        class="inside"
      >
        
        Test label prop
      
      </div>
    </div>
     
    <div
      class="z-content maincontent long-content"
    >
      <div>
        <p>
           lorem text 
        </p>
      </div>
    </div>
     
    <div
      class="z-content"
      style="z-index: 60;"
    >
      <div>
        youtube video
      </div>
    </div>
     
    <div />
  </section>
</div>
`;
